..
Z820@DESKTOP-HTOBQJQ MINGW64 /e/Pavan/Consultadd/Python_Task
$ git log
fatal: not a git repository (or any of the parent directories): .git

Z820@DESKTOP-HTOBQJQ MINGW64 /e/Pavan/Consultadd/Python_Task
$ git is - la
git: 'is' is not a git command. See 'git --help'.

The most similar command is
        lfs

Z820@DESKTOP-HTOBQJQ MINGW64 /e/Pavan/Consultadd/Python_Task
$ git help
usage: git [--version] [--help] [-C <path>] [-c <name>=<value>]
           [--exec-path[=<path>]] [--html-path] [--man-path] [--info-path]
           [-p | --paginate | -P | --no-pager] [--no-replace-objects] [--bare]
           [--git-dir=<path>] [--work-tree=<path>] [--namespace=<name>]
           <command> [<args>]

These are common Git commands used in various situations:

start a working area (see also: git help tutorial)
   clone             Clone a repository into a new directory
   init              Create an empty Git repository or reinitialize an existing one

work on the current change (see also: git help everyday)
   add               Add file contents to the index
   mv                Move or rename a file, a directory, or a symlink
   restore           Restore working tree files
   rm                Remove files from the working tree and from the index
   sparse-checkout   Initialize and modify the sparse-checkout

examine the history and state (see also: git help revisions)
   bisect            Use binary search to find the commit that introduced a bug
   diff              Show changes between commits, commit and working tree, etc
   grep              Print lines matching a pattern
   log               Show commit logs
   show              Show various types of objects
   status            Show the working tree status

grow, mark and tweak your common history
   branch            List, create, or delete branches
   commit            Record changes to the repository
   merge             Join two or more development histories together
   rebase            Reapply commits on top of another base tip
   reset             Reset current HEAD to the specified state
   switch            Switch branches
   tag               Create, list, delete or verify a tag object signed with GPG

collaborate (see also: git help workflows)
   fetch             Download objects and refs from another repository
   pull              Fetch from and integrate with another repository or a local branch
   push              Update remote refs along with associated objects

'git help -a' and 'git help -g' list available subcommands and some
concept guides. See 'git help <command>' or 'git help <concept>'
to read about a specific subcommand or concept.
See 'git help git' for an overview of the system.

Z820@DESKTOP-HTOBQJQ MINGW64 /e/Pavan/Consultadd/Python_Task
$ git init
Initialized empty Git repository in E:/Pavan/Consultadd/Python_Task/.git/

Z820@DESKTOP-HTOBQJQ MINGW64 /e/Pavan/Consultadd/Python_Task (master)
$ git diff

Z820@DESKTOP-HTOBQJQ MINGW64 /e/Pavan/Consultadd/Python_Task (master)
$ git status
On branch master

No commits yet

Untracked files:
  (use "git add <file>..." to include in what will be committed)
        task_01.py

nothing added to commit but untracked files present (use "git add" to track)

Z820@DESKTOP-HTOBQJQ MINGW64 /e/Pavan/Consultadd/Python_Task (master)
$ git add .

Z820@DESKTOP-HTOBQJQ MINGW64 /e/Pavan/Consultadd/Python_Task (master)
$ git commit -m "created new repository" -m"in description adding information on this repository and a new assignemtn file"
[master (root-commit) f49dbcc] created new repository
 1 file changed, 43 insertions(+)
 create mode 100644 task_01.py

Z820@DESKTOP-HTOBQJQ MINGW64 /e/Pavan/Consultadd/Python_Task (master)
$ git push
fatal: No configured push destination.
Either specify the URL from the command-line or configure a remote repository using

    git remote add <name> <url>

and then push using the remote name

    git push <name>


Z820@DESKTOP-HTOBQJQ MINGW64 /e/Pavan/Consultadd/Python_Task (master)
$ git log
commit f49dbccd91e088292030e67beb568fd73899a362 (HEAD -> master)
Author: Pavneet <pavanghai@yahoo.com>
Date:   Fri Jun 26 18:03:28 2020 -0700

    created new repository

    in description adding information on this repository and a new assignemtn file

Z820@DESKTOP-HTOBQJQ MINGW64 /e/Pavan/Consultadd/Python_Task (master)
$ git status
On branch master
nothing to commit, working tree clean

Z820@DESKTOP-HTOBQJQ MINGW64 /e/Pavan/Consultadd/Python_Task (master)
$ git status
On branch master
nothing to commit, working tree clean

Z820@DESKTOP-HTOBQJQ MINGW64 /e/Pavan/Consultadd/Python_Task (master)
$ git commit -m" " -m"Add comments 200626-1806"
On branch master
nothing to commit, working tree clean

Z820@DESKTOP-HTOBQJQ MINGW64 /e/Pavan/Consultadd/Python_Task (master)
$ git remote add orgin https://github.com/pavanghai/Python_Tash.git

Z820@DESKTOP-HTOBQJQ MINGW64 /e/Pavan/Consultadd/Python_Task (master)
$ git remote -v
orgin   https://github.com/pavanghai/Python_Tash.git (fetch)
orgin   https://github.com/pavanghai/Python_Tash.git (push)

Z820@DESKTOP-HTOBQJQ MINGW64 /e/Pavan/Consultadd/Python_Task (master)
$ git push -u orgin master
Enumerating objects: 3, done.
Counting objects: 100% (3/3), done.
Delta compression using up to 32 threads
Compressing objects: 100% (2/2), done.
Writing objects: 100% (3/3), 913 bytes | 913.00 KiB/s, done.
Total 3 (delta 0), reused 0 (delta 0), pack-reused 0
To https://github.com/pavanghai/Python_Tash.git
 * [new branch]      master -> master
Branch 'master' set up to track remote branch 'master' from 'orgin'.

Z820@DESKTOP-HTOBQJQ MINGW64 /e/Pavan/Consultadd/Python_Task (master)
$ git log
commit f49dbccd91e088292030e67beb568fd73899a362 (HEAD -> master, orgin/master)
Author: Pavneet <pavanghai@yahoo.com>
Date:   Fri Jun 26 18:03:28 2020 -0700

    created new repository

    in description adding information on this repository and a new assignemtn file

Z820@DESKTOP-HTOBQJQ MINGW64 /e/Pavan/Consultadd/Python_Task (master)
$ ^C

Z820@DESKTOP-HTOBQJQ MINGW64 /e/Pavan/Consultadd/Python_Task (master)
$
